  compilation object save succeeded; see C:\Users\2250052\Desktop\team2_1\-5-2108\Data\Shader\BasicPS.cso
  compilation object save succeeded; see C:\Users\2250052\Desktop\team2_1\-5-2108\Data\Shader\BasicVS.cso
  compilation object save succeeded; see C:\Users\2250052\Desktop\team2_1\-5-2108\Data\Shader\LambertPS.cso
  compilation object save succeeded; see C:\Users\2250052\Desktop\team2_1\-5-2108\Data\Shader\LambertVS.cso
  compilation object save succeeded; see C:\Users\2250052\Desktop\team2_1\-5-2108\Data\Shader\ShapeRendererPS.cso
  compilation object save succeeded; see C:\Users\2250052\Desktop\team2_1\-5-2108\Data\Shader\ShapeRendererVS.cso
  compilation object save succeeded; see C:\Users\2250052\Desktop\team2_1\-5-2108\Data\Shader\PrimitiveRendererPS.cso
  compilation object save succeeded; see C:\Users\2250052\Desktop\team2_1\-5-2108\Data\Shader\PrimitiveRendererVS.cso
  compilation object save succeeded; see C:\Users\2250052\Desktop\team2_1\-5-2108\Data\Shader\SpritePS.cso
  compilation object save succeeded; see C:\Users\2250052\Desktop\team2_1\-5-2108\Data\Shader\SpriteVS.cso
  imgui.cpp
  imgui_demo.cpp
  imgui_draw.cpp
  imgui_impl_dx11.cpp
  imgui_impl_win32.cpp
  imgui_widgets.cpp
  Camera.cpp
  CameraController.cpp
  ModelCommon.cpp
  Framework.cpp
  Main.cpp
  Player.cpp
  SceneGame.cpp
  Stage.cpp
  Audio.cpp
  AudioResource.cpp
  AudioSource.cpp
  BasicShader.cpp
  GamePad.cpp
  GpuResourceUtils.cpp
  Graphics.cpp
  ImGuiRenderer.cpp
  Input.cpp
  LambertShader.cpp
  Model.cpp
  ModelRenderer.cpp
  ModelResource.cpp
  Mouse.cpp
  RenderState.cpp
  ShapeRenderer.cpp
  Sprite.cpp
     ライブラリ bin\x64\Debug\Game.lib とオブジェクト bin\x64\Debug\Game.exp を作成中
  Game.vcxproj -> C:\Users\2250052\Desktop\team2_1\-5-2108\bin\x64\Debug\Game.exe
