cl : コマンド ライン  warning D9002: 不明なオプション '/Zc:__cplusplus/FS' を無視します。
  DirectXTexUtil.cpp
cl : コマンド ライン  warning D9002: 不明なオプション '/Zc:__cplusplus/FS' を無視します。
  BC.cpp
  BC4BC5.cpp
  BC6HBC7.cpp
  BCDirectCompute.cpp
  DirectXTexCompress.cpp
  DirectXTexCompressGPU.cpp
  DirectXTexConvert.cpp
  DirectXTexD3D11.cpp
  DirectXTexDDS.cpp
  DirectXTexFlipRotate.cpp
  DirectXTexHDR.cpp
  DirectXTexImage.cpp
  DirectXTexMipMaps.cpp
  DirectXTexMisc.cpp
  DirectXTexNormalMaps.cpp
  DirectXTexPMAlpha.cpp
  DirectXTexResize.cpp
  DirectXTexTGA.cpp
  DirectXTexWIC.cpp
  コードを生成中...
  DirectXTex_Desktop_2022.vcxproj -> C:\Users\2250052\Desktop\team2_1\-5-2108\External\DirectXTex\Bin\Desktop_2022\x64\Debug\DirectXTex.lib
